// Jest Snapshot v1, https://goo.gl/fbAQLP

exports[`renders Create folder button without crashing 1`] = `
<DocumentFragment>
  <div
    class="disk"
  >
    <div
      class="disk__btns"
    >
      <button
        class="primaryButton"
        data-testid="diskCreateBtn"
      >
        Create folder
      </button>
      <div
        class="disk__view"
      >
        <button
          class="secondaryButton"
          data-testid="listViewBtn"
        >
          <img
            alt=""
            class="disk__list"
            src="test-file-stub"
          />
        </button>
        <button
          class="secondaryButton"
          data-testid="plateViewBtn"
        >
          <img
            alt=""
            class="disk__plate"
            src="test-file-stub"
          />
        </button>
      </div>
    </div>
    <div>
      <div
        class="upload"
        data-testid="uploadArea"
      >
        <label
          class="upload__label"
          for="upload-input"
        >
          <img
            alt=""
            class="upload__img"
            src="test-file-stub"
          />
          <div
            class="upload__message"
            data-testid="uploadMessage"
          >
            Click and choose or drag files to this area to upload
          </div>
        </label>
        <input
          class="upload__input"
          id="upload-input"
          multiple=""
          type="file"
        />
      </div>
    </div>
    <div
      class="filelist"
    >
      <div
        class="filelist__header"
      >
        <div
          class="filelist__type"
        >
          Type
        </div>
        <div
          class="filelist__name"
        >
          Name
        </div>
        <div
          class="filelist__date"
        >
          Date
        </div>
        <div
          class="filelist__size"
        >
          File size
        </div>
        <div
          class="filelist__actions"
        />
      </div>
      <div
        class="filelist__back"
        data-testid="backBtn"
      >
        <img
          alt=""
          class="filelist__img"
          src="test-file-stub"
        />
        Back
      </div>
      <div />
    </div>
    <div
      class="filelist__empty"
    >
      Files not found
    </div>
    <div
      class="createdir"
      data-testid="testOutsideContent"
      style="display: none;"
    >
      <div
        class="createdir__content"
        data-testid="testContent"
      >
        <div
          class="popup"
          data-testid="popup"
        >
          <div
            class="popup__header"
          >
            <div
              class="popup__title"
              data-testid="popupTitle"
            >
              Create new folder
            </div>
            <button
              class="secondaryButton"
              data-testid="popupCloseBtn"
            >
              <img
                alt=""
                class="popup__close"
                data-testid="popupCloseIcon"
                src="test-file-stub"
              />
            </button>
          </div>
          <input
            data-testid="createInput"
            placeholder="Enter folder name..."
            type="text"
            value=""
          />
          <button
            class="primaryButton"
            data-testid="createBtn"
          >
            Create
          </button>
        </div>
      </div>
    </div>
  </div>
</DocumentFragment>
`;

exports[`renders ListView button without crashing 1`] = `
<DocumentFragment>
  <div
    class="disk"
  >
    <div
      class="disk__btns"
    >
      <button
        class="primaryButton"
        data-testid="diskCreateBtn"
      >
        Create folder
      </button>
      <div
        class="disk__view"
      >
        <button
          class="secondaryButton"
          data-testid="listViewBtn"
        >
          <img
            alt=""
            class="disk__list"
            src="test-file-stub"
          />
        </button>
        <button
          class="secondaryButton"
          data-testid="plateViewBtn"
        >
          <img
            alt=""
            class="disk__plate"
            src="test-file-stub"
          />
        </button>
      </div>
    </div>
    <div>
      <div
        class="upload"
        data-testid="uploadArea"
      >
        <label
          class="upload__label"
          for="upload-input"
        >
          <img
            alt=""
            class="upload__img"
            src="test-file-stub"
          />
          <div
            class="upload__message"
            data-testid="uploadMessage"
          >
            Click and choose or drag files to this area to upload
          </div>
        </label>
        <input
          class="upload__input"
          id="upload-input"
          multiple=""
          type="file"
        />
      </div>
    </div>
    <div
      class="filelist"
    >
      <div
        class="filelist__header"
      >
        <div
          class="filelist__type"
        >
          Type
        </div>
        <div
          class="filelist__name"
        >
          Name
        </div>
        <div
          class="filelist__date"
        >
          Date
        </div>
        <div
          class="filelist__size"
        >
          File size
        </div>
        <div
          class="filelist__actions"
        />
      </div>
      <div
        class="filelist__back"
        data-testid="backBtn"
      >
        <img
          alt=""
          class="filelist__img"
          src="test-file-stub"
        />
        Back
      </div>
      <div />
    </div>
    <div
      class="filelist__empty"
    >
      Files not found
    </div>
    <div
      class="createdir"
      data-testid="testOutsideContent"
      style="display: none;"
    >
      <div
        class="createdir__content"
        data-testid="testContent"
      >
        <div
          class="popup"
          data-testid="popup"
        >
          <div
            class="popup__header"
          >
            <div
              class="popup__title"
              data-testid="popupTitle"
            >
              Create new folder
            </div>
            <button
              class="secondaryButton"
              data-testid="popupCloseBtn"
            >
              <img
                alt=""
                class="popup__close"
                data-testid="popupCloseIcon"
                src="test-file-stub"
              />
            </button>
          </div>
          <input
            data-testid="createInput"
            placeholder="Enter folder name..."
            type="text"
            value=""
          />
          <button
            class="primaryButton"
            data-testid="createBtn"
          >
            Create
          </button>
        </div>
      </div>
    </div>
  </div>
</DocumentFragment>
`;

exports[`renders PlateView button without crashing 1`] = `
<DocumentFragment>
  <div
    class="disk"
  >
    <div
      class="disk__btns"
    >
      <button
        class="primaryButton"
        data-testid="diskCreateBtn"
      >
        Create folder
      </button>
      <div
        class="disk__view"
      >
        <button
          class="secondaryButton"
          data-testid="listViewBtn"
        >
          <img
            alt=""
            class="disk__list"
            src="test-file-stub"
          />
        </button>
        <button
          class="secondaryButton"
          data-testid="plateViewBtn"
        >
          <img
            alt=""
            class="disk__plate"
            src="test-file-stub"
          />
        </button>
      </div>
    </div>
    <div>
      <div
        class="upload"
        data-testid="uploadArea"
      >
        <label
          class="upload__label"
          for="upload-input"
        >
          <img
            alt=""
            class="upload__img"
            src="test-file-stub"
          />
          <div
            class="upload__message"
            data-testid="uploadMessage"
          >
            Click and choose or drag files to this area to upload
          </div>
        </label>
        <input
          class="upload__input"
          id="upload-input"
          multiple=""
          type="file"
        />
      </div>
    </div>
    <div
      class="filelist"
    >
      <div
        class="filelist__header"
      >
        <div
          class="filelist__type"
        >
          Type
        </div>
        <div
          class="filelist__name"
        >
          Name
        </div>
        <div
          class="filelist__date"
        >
          Date
        </div>
        <div
          class="filelist__size"
        >
          File size
        </div>
        <div
          class="filelist__actions"
        />
      </div>
      <div
        class="filelist__back"
        data-testid="backBtn"
      >
        <img
          alt=""
          class="filelist__img"
          src="test-file-stub"
        />
        Back
      </div>
      <div />
    </div>
    <div
      class="filelist__empty"
    >
      Files not found
    </div>
    <div
      class="createdir"
      data-testid="testOutsideContent"
      style="display: none;"
    >
      <div
        class="createdir__content"
        data-testid="testContent"
      >
        <div
          class="popup"
          data-testid="popup"
        >
          <div
            class="popup__header"
          >
            <div
              class="popup__title"
              data-testid="popupTitle"
            >
              Create new folder
            </div>
            <button
              class="secondaryButton"
              data-testid="popupCloseBtn"
            >
              <img
                alt=""
                class="popup__close"
                data-testid="popupCloseIcon"
                src="test-file-stub"
              />
            </button>
          </div>
          <input
            data-testid="createInput"
            placeholder="Enter folder name..."
            type="text"
            value=""
          />
          <button
            class="primaryButton"
            data-testid="createBtn"
          >
            Create
          </button>
        </div>
      </div>
    </div>
  </div>
</DocumentFragment>
`;
