// Jest Snapshot v1, https://goo.gl/fbAQLP

exports[`App Component renders App without crashing 1`] = `
<DocumentFragment>
  <div
    class="app"
    data-testid="app"
  >
    <div
      class="login"
      data-testid="loginContainer"
    >
      <div
        class="navbar"
        data-testid="navbar"
      >
        <div
          class="navbar__content"
          data-testid="navbarContent"
        >
          <div
            class="navbar__header"
            data-testid="navbarHeader"
          >
            <img
              alt=""
              class="navbar__logo"
              data-testid="navbarLogo"
              src="test-file-stub"
            />
            <span>
              MERN cloud
            </span>
          </div>
          <div
            class="navbar__btns"
            data-testid="navbarButtons"
          >
            <div
              class="navbar__login"
              data-testid="loginButton"
            >
              <a
                aria-current="page"
                class="active"
                href="/login"
              >
                Log in
              </a>
            </div>
            <div
              class="navbar__registration"
              data-testid="registerButton"
            >
              <a
                class=""
                href="/registration"
              >
                Sign up
              </a>
            </div>
          </div>
        </div>
      </div>
      <div
        class="authorization"
      >
        <div
          class="authorization__container"
        >
          <div
            class="authorization__label"
            data-testid="formTitle"
          >
            <h1>
              Log in to cloud
            </h1>
          </div>
          <div
            class="authorization__form"
          >
            <div
              class="authorization__item"
            >
              <label
                for="emailInput"
              >
                Email
              </label>
              <input
                data-testid="emailInput"
                id="emailInput"
                placeholder="Enter your email"
                type="email"
                value=""
              />
            </div>
            <div
              class="authorization__item"
            >
              <label
                for="passwordInput"
              >
                Password
              </label>
              <input
                data-testid="passwordInput"
                id="passwordInput"
                placeholder="Enter your password"
                type="password"
                value=""
              />
            </div>
            <button
              class="primaryButton"
              data-testid="loginButton"
            >
              Log in
            </button>
          </div>
          <div
            class="authorization__login"
            data-testid="registrationLink"
          >
            <a
              href="/registration"
            >
              Create an account
            </a>
          </div>
        </div>
      </div>
    </div>
  </div>
</DocumentFragment>
`;

exports[`App Component renders content container when authenticated 1`] = `
<DocumentFragment>
  <div
    class="app"
    data-testid="app"
  >
    <div
      class="sidebar "
      data-testid="sidebar"
    >
      <div
        class="sidebar__content"
        data-testid="sidebarContent"
      >
        <a
          aria-current="page"
          class="active"
          data-testid="homeLink"
          href="/"
        >
          <div
            class="sidebar__header"
            data-testid="sidebarHeader"
          >
            <img
              alt=""
              class="sidebar__logo"
              data-testid="sidebarLogo"
              src="test-file-stub"
            />
            <div
              class="sidebar__title"
            >
              MERN cloud
            </div>
          </div>
        </a>
        <div
          class="sidebar__navigation"
          data-testid="sidebarNavigation"
        >
          <div
            class="navigation"
            data-testid="navigation"
          >
            <div
              class="navigation__item"
              data-testid="navigationItem"
            >
              <a
                aria-current="page"
                class="active"
                data-testid="navLink"
                href="/"
              >
                <div
                  class="navigation__title"
                  data-testid="navigationTitle"
                >
                  <img
                    alt=""
                    class="navigation__icon"
                    data-testid="navigationIcon"
                    src="test-file-stub"
                  />
                  <div
                    class="navigation__name"
                  >
                    My Cloud
                  </div>
                </div>
              </a>
              <div
                class="navigation__content visible"
                data-testid="navigationContent"
              />
            </div>
          </div>
        </div>
        <div
          class="sidebar__logout"
          data-testid="sidebarLogout"
        >
          <button
            class="secondaryButton"
            data-testid="logoutButton"
          >
            <img
              alt=""
              class="sidebar__logout-icon"
              data-testid="logoutIcon"
              src="test-file-stub"
            />
            <div
              class="sidebar__logout-text"
            >
              Log out
            </div>
          </button>
        </div>
      </div>
      <div
        class="sidebar__compressBtn"
        data-testid="compressButton"
      >
        <div
          class="dropdown"
          data-testid="dropdownButton"
        >
          <img
            alt=""
            class="dropdown__icon "
            data-testid="dropdownIcon"
            src="test-file-stub"
          />
        </div>
      </div>
    </div>
    <div
      class="content"
      data-testid="contentContainer"
    >
      <div
        class="navbar"
        data-testid="navbar"
      >
        <div
          class="navbar__content"
          data-testid="navbarContent"
        >
          <div
            class="navbar__header"
            data-testid="searchHeader"
          >
            <input
              data-testid="searchInput"
              placeholder="Type to search..."
              type="search"
              value=""
            />
          </div>
          <div
            class="navbar__user"
            data-testid="navbarUser"
          >
            <div
              class="navbar__message"
              data-testid="userMessage"
            >
              Hello, John Doe!
            </div>
            <a
              class=""
              href="/profile"
            >
              <img
                alt=""
                class="navbar__avatar"
                data-testid="userAvatar"
                src="undefined/avatar.png"
              />
            </a>
          </div>
        </div>
      </div>
      <div
        class="disk"
      >
        <div
          class="disk__btns"
        >
          <button
            class="primaryButton"
            data-testid="diskCreateBtn"
          >
            Create folder
          </button>
          <div
            class="disk__view"
          >
            <button
              class="secondaryButton"
              data-testid="listViewBtn"
            >
              <img
                alt=""
                class="disk__list"
                src="test-file-stub"
              />
            </button>
            <button
              class="secondaryButton"
              data-testid="plateViewBtn"
            >
              <img
                alt=""
                class="disk__plate"
                src="test-file-stub"
              />
            </button>
          </div>
        </div>
        <div>
          <div
            class="upload"
            data-testid="uploadArea"
          >
            <label
              class="upload__label"
              for="upload-input"
            >
              <img
                alt=""
                class="upload__img"
                src="test-file-stub"
              />
              <div
                class="upload__message"
                data-testid="uploadMessage"
              >
                Click and choose or drag files to this area to upload
              </div>
            </label>
            <input
              class="upload__input"
              id="upload-input"
              multiple=""
              type="file"
            />
          </div>
        </div>
        <div
          class="filelist"
        >
          <div
            class="filelist__header"
          >
            <div
              class="filelist__type"
            >
              Type
            </div>
            <div
              class="filelist__name"
            >
              Name
            </div>
            <div
              class="filelist__date"
            >
              Date
            </div>
            <div
              class="filelist__size"
            >
              File size
            </div>
            <div
              class="filelist__actions"
            />
          </div>
          <div
            class="filelist__back"
            data-testid="backBtn"
          >
            <img
              alt=""
              class="filelist__img"
              src="test-file-stub"
            />
            Back
          </div>
          <div />
        </div>
        <div
          class="filelist__empty"
        >
          Files not found
        </div>
        <div
          class="createdir"
          data-testid="testOutsideContent"
        >
          <div
            class="createdir__content"
            data-testid="testContent"
          >
            <div
              class="popup"
              data-testid="popup"
            >
              <div
                class="popup__header"
              >
                <div
                  class="popup__title"
                  data-testid="popupTitle"
                >
                  Create new folder
                </div>
                <button
                  class="secondaryButton"
                  data-testid="popupCloseBtn"
                >
                  <img
                    alt=""
                    class="popup__close"
                    data-testid="popupCloseIcon"
                    src="test-file-stub"
                  />
                </button>
              </div>
              <input
                data-testid="createInput"
                placeholder="Enter folder name..."
                type="text"
                value=""
              />
              <button
                class="primaryButton"
                data-testid="createBtn"
              >
                Create
              </button>
            </div>
          </div>
        </div>
      </div>
    </div>
  </div>
</DocumentFragment>
`;

exports[`App Component renders login container when not authenticated 1`] = `
<DocumentFragment>
  <div
    class="app"
    data-testid="app"
  >
    <div
      class="login"
      data-testid="loginContainer"
    >
      <div
        class="navbar"
        data-testid="navbar"
      >
        <div
          class="navbar__content"
          data-testid="navbarContent"
        >
          <div
            class="navbar__header"
            data-testid="navbarHeader"
          >
            <img
              alt=""
              class="navbar__logo"
              data-testid="navbarLogo"
              src="test-file-stub"
            />
            <span>
              MERN cloud
            </span>
          </div>
          <div
            class="navbar__btns"
            data-testid="navbarButtons"
          >
            <div
              class="navbar__login"
              data-testid="loginButton"
            >
              <a
                aria-current="page"
                class="active"
                href="/login"
              >
                Log in
              </a>
            </div>
            <div
              class="navbar__registration"
              data-testid="registerButton"
            >
              <a
                class=""
                href="/registration"
              >
                Sign up
              </a>
            </div>
          </div>
        </div>
      </div>
      <div
        class="authorization"
      >
        <div
          class="authorization__container"
        >
          <div
            class="authorization__label"
            data-testid="formTitle"
          >
            <h1>
              Log in to cloud
            </h1>
          </div>
          <div
            class="authorization__form"
          >
            <div
              class="authorization__item"
            >
              <label
                for="emailInput"
              >
                Email
              </label>
              <input
                data-testid="emailInput"
                id="emailInput"
                placeholder="Enter your email"
                type="email"
                value=""
              />
            </div>
            <div
              class="authorization__item"
            >
              <label
                for="passwordInput"
              >
                Password
              </label>
              <input
                data-testid="passwordInput"
                id="passwordInput"
                placeholder="Enter your password"
                type="password"
                value=""
              />
            </div>
            <button
              class="primaryButton"
              data-testid="loginButton"
            >
              Log in
            </button>
          </div>
          <div
            class="authorization__login"
            data-testid="registrationLink"
          >
            <a
              href="/registration"
            >
              Create an account
            </a>
          </div>
        </div>
      </div>
    </div>
  </div>
</DocumentFragment>
`;
