// Jest Snapshot v1, https://goo.gl/fbAQLP

exports[`Sidebar Component renders Sidebar without crashing 1`] = `
<DocumentFragment>
  <div
    class="sidebar "
    data-testid="sidebar"
  >
    <div
      class="sidebar__content"
      data-testid="sidebarContent"
    >
      <a
        aria-current="page"
        class="active"
        data-testid="homeLink"
        href="/"
      >
        <div
          class="sidebar__header"
          data-testid="sidebarHeader"
        >
          <img
            alt=""
            class="sidebar__logo"
            data-testid="sidebarLogo"
            src="test-file-stub"
          />
          <div
            class="sidebar__title"
          >
            MERN cloud
          </div>
        </div>
      </a>
      <div
        class="sidebar__navigation"
        data-testid="sidebarNavigation"
      >
        <div
          class="navigation"
          data-testid="navigation"
        >
          <div
            class="navigation__item"
            data-testid="navigationItem"
          >
            <a
              aria-current="page"
              class="active"
              data-testid="navLink"
              href="/"
            >
              <div
                class="navigation__title"
                data-testid="navigationTitle"
              >
                <img
                  alt=""
                  class="navigation__icon"
                  data-testid="navigationIcon"
                  src="test-file-stub"
                />
                <div
                  class="navigation__name"
                >
                  My Cloud
                </div>
                <div
                  class="navigation__dropdown"
                  data-testid="navigationDropdown"
                >
                  <div
                    class="dropdown"
                    data-testid="dropdownButton"
                  >
                    <img
                      alt=""
                      class="dropdown__icon "
                      data-testid="dropdownIcon"
                      src="test-file-stub"
                    />
                  </div>
                </div>
              </div>
            </a>
            <div
              class="navigation__content visible"
              data-testid="navigationContent"
            >
              <div
                class="navigation__element"
                data-testid="navigationElement"
              >
                <div
                  class="diritem"
                  data-testid="dirItem-1"
                >
                  <div
                    class="diritem__content"
                  >
                    <div
                      class="diritem__title"
                      data-testid="dirItemTitle-1"
                    >
                      Dir 1
                    </div>
                  </div>
                </div>
              </div>
            </div>
          </div>
        </div>
      </div>
      <div
        class="sidebar__logout"
        data-testid="sidebarLogout"
      >
        <button
          class="secondaryButton"
          data-testid="logoutButton"
        >
          <img
            alt=""
            class="sidebar__logout-icon"
            data-testid="logoutIcon"
            src="test-file-stub"
          />
          <div
            class="sidebar__logout-text"
          >
            Log out
          </div>
        </button>
      </div>
    </div>
    <div
      class="sidebar__compressBtn"
      data-testid="compressButton"
    >
      <div
        class="dropdown"
        data-testid="dropdownButton"
      >
        <img
          alt=""
          class="dropdown__icon "
          data-testid="dropdownIcon"
          src="test-file-stub"
        />
      </div>
    </div>
  </div>
</DocumentFragment>
`;

exports[`Sidebar Component renders navigation and logout button 1`] = `
<DocumentFragment>
  <div
    class="sidebar "
    data-testid="sidebar"
  >
    <div
      class="sidebar__content"
      data-testid="sidebarContent"
    >
      <a
        aria-current="page"
        class="active"
        data-testid="homeLink"
        href="/"
      >
        <div
          class="sidebar__header"
          data-testid="sidebarHeader"
        >
          <img
            alt=""
            class="sidebar__logo"
            data-testid="sidebarLogo"
            src="test-file-stub"
          />
          <div
            class="sidebar__title"
          >
            MERN cloud
          </div>
        </div>
      </a>
      <div
        class="sidebar__navigation"
        data-testid="sidebarNavigation"
      >
        <div
          class="navigation"
          data-testid="navigation"
        >
          <div
            class="navigation__item"
            data-testid="navigationItem"
          >
            <a
              aria-current="page"
              class="active"
              data-testid="navLink"
              href="/"
            >
              <div
                class="navigation__title"
                data-testid="navigationTitle"
              >
                <img
                  alt=""
                  class="navigation__icon"
                  data-testid="navigationIcon"
                  src="test-file-stub"
                />
                <div
                  class="navigation__name"
                >
                  My Cloud
                </div>
                <div
                  class="navigation__dropdown"
                  data-testid="navigationDropdown"
                >
                  <div
                    class="dropdown"
                    data-testid="dropdownButton"
                  >
                    <img
                      alt=""
                      class="dropdown__icon "
                      data-testid="dropdownIcon"
                      src="test-file-stub"
                    />
                  </div>
                </div>
              </div>
            </a>
            <div
              class="navigation__content visible"
              data-testid="navigationContent"
            >
              <div
                class="navigation__element"
                data-testid="navigationElement"
              >
                <div
                  class="diritem"
                  data-testid="dirItem-1"
                >
                  <div
                    class="diritem__content"
                  >
                    <div
                      class="diritem__title"
                      data-testid="dirItemTitle-1"
                    >
                      Dir 1
                    </div>
                  </div>
                </div>
              </div>
            </div>
          </div>
        </div>
      </div>
      <div
        class="sidebar__logout"
        data-testid="sidebarLogout"
      >
        <button
          class="secondaryButton"
          data-testid="logoutButton"
        >
          <img
            alt=""
            class="sidebar__logout-icon"
            data-testid="logoutIcon"
            src="test-file-stub"
          />
          <div
            class="sidebar__logout-text"
          >
            Log out
          </div>
        </button>
      </div>
    </div>
    <div
      class="sidebar__compressBtn"
      data-testid="compressButton"
    >
      <div
        class="dropdown"
        data-testid="dropdownButton"
      >
        <img
          alt=""
          class="dropdown__icon "
          data-testid="dropdownIcon"
          src="test-file-stub"
        />
      </div>
    </div>
  </div>
</DocumentFragment>
`;

exports[`Sidebar Component renders sidebar header with logo and title 1`] = `
<DocumentFragment>
  <div
    class="sidebar "
    data-testid="sidebar"
  >
    <div
      class="sidebar__content"
      data-testid="sidebarContent"
    >
      <a
        aria-current="page"
        class="active"
        data-testid="homeLink"
        href="/"
      >
        <div
          class="sidebar__header"
          data-testid="sidebarHeader"
        >
          <img
            alt=""
            class="sidebar__logo"
            data-testid="sidebarLogo"
            src="test-file-stub"
          />
          <div
            class="sidebar__title"
          >
            MERN cloud
          </div>
        </div>
      </a>
      <div
        class="sidebar__navigation"
        data-testid="sidebarNavigation"
      >
        <div
          class="navigation"
          data-testid="navigation"
        >
          <div
            class="navigation__item"
            data-testid="navigationItem"
          >
            <a
              aria-current="page"
              class="active"
              data-testid="navLink"
              href="/"
            >
              <div
                class="navigation__title"
                data-testid="navigationTitle"
              >
                <img
                  alt=""
                  class="navigation__icon"
                  data-testid="navigationIcon"
                  src="test-file-stub"
                />
                <div
                  class="navigation__name"
                >
                  My Cloud
                </div>
                <div
                  class="navigation__dropdown"
                  data-testid="navigationDropdown"
                >
                  <div
                    class="dropdown"
                    data-testid="dropdownButton"
                  >
                    <img
                      alt=""
                      class="dropdown__icon "
                      data-testid="dropdownIcon"
                      src="test-file-stub"
                    />
                  </div>
                </div>
              </div>
            </a>
            <div
              class="navigation__content visible"
              data-testid="navigationContent"
            >
              <div
                class="navigation__element"
                data-testid="navigationElement"
              >
                <div
                  class="diritem"
                  data-testid="dirItem-1"
                >
                  <div
                    class="diritem__content"
                  >
                    <div
                      class="diritem__title"
                      data-testid="dirItemTitle-1"
                    >
                      Dir 1
                    </div>
                  </div>
                </div>
              </div>
            </div>
          </div>
        </div>
      </div>
      <div
        class="sidebar__logout"
        data-testid="sidebarLogout"
      >
        <button
          class="secondaryButton"
          data-testid="logoutButton"
        >
          <img
            alt=""
            class="sidebar__logout-icon"
            data-testid="logoutIcon"
            src="test-file-stub"
          />
          <div
            class="sidebar__logout-text"
          >
            Log out
          </div>
        </button>
      </div>
    </div>
    <div
      class="sidebar__compressBtn"
      data-testid="compressButton"
    >
      <div
        class="dropdown"
        data-testid="dropdownButton"
      >
        <img
          alt=""
          class="dropdown__icon "
          data-testid="dropdownIcon"
          src="test-file-stub"
        />
      </div>
    </div>
  </div>
</DocumentFragment>
`;
