// Jest Snapshot v1, https://goo.gl/fbAQLP

exports[`Login Component renders Login form without crashing 1`] = `
<DocumentFragment>
  <div
    class="authorization"
  >
    <div
      class="authorization__container"
    >
      <div
        class="authorization__label"
        data-testid="formTitle"
      >
        <h1>
          Log in to cloud
        </h1>
      </div>
      <div
        class="authorization__form"
      >
        <div
          class="authorization__item"
        >
          <label
            for="emailInput"
          >
            Email
          </label>
          <input
            data-testid="emailInput"
            id="emailInput"
            placeholder="Enter your email"
            type="email"
            value=""
          />
        </div>
        <div
          class="authorization__item"
        >
          <label
            for="passwordInput"
          >
            Password
          </label>
          <input
            data-testid="passwordInput"
            id="passwordInput"
            placeholder="Enter your password"
            type="password"
            value=""
          />
        </div>
        <button
          class="primaryButton"
          data-testid="loginButton"
        >
          Log in
        </button>
      </div>
      <div
        class="authorization__login"
        data-testid="registrationLink"
      >
        <a
          href="/registration"
        >
          Create an account
        </a>
      </div>
    </div>
  </div>
</DocumentFragment>
`;
